2024-11-20 13:46:44,788 - clipscribe - INFO - GOOGLE_CLOUD_PROJECT is set to: prismatic-iris-429006-g6
2024-11-20 13:46:44,789 - clipscribe - INFO - Google Cloud credentials found at: /Users/zbox/projects/clipscribe/prismatic-iris-429006-g6-147548199b5e.json
2024-11-20 13:46:48,972 - clipscribe - INFO - Processing YouTube URL: https://www.youtube.com/watch?v=eIho2S0ZahI
2024-11-20 13:46:50,727 - clipscribe - INFO - Starting audio processing for YouTube URL: https://www.youtube.com/watch?v=eIho2S0ZahI
2024-11-20 13:46:50,728 - clipscribe - INFO - Using model: gemini-1.5-pro-latest
2024-11-20 13:52:30,311 - clipscribe - INFO - Downloaded video saved to: output/how_to_speak_so_that_people_want_to_listen_julian_treasure_ted/How to Speak So That People Want to Listen ｜ Julian Treasure ｜ TED.mp4
2024-11-20 14:30:10,908 - clipscribe - INFO - GOOGLE_CLOUD_PROJECT is set to: prismatic-iris-429006-g6
2024-11-20 14:30:10,909 - clipscribe - INFO - Google Cloud credentials found at: /Users/zbox/projects/clipscribe/prismatic-iris-429006-g6-147548199b5e.json
2024-11-20 14:30:13,162 - clipscribe - INFO - Processing YouTube URL: https://www.youtube.com/watch?v=eIho2S0ZahI
2024-11-20 14:30:14,980 - clipscribe - INFO - Starting audio processing for YouTube URL: https://www.youtube.com/watch?v=eIho2S0ZahI
2024-11-20 14:30:14,980 - clipscribe - INFO - Using model: gemini-1.5-pro-latest
2024-11-20 14:35:54,650 - clipscribe - INFO - Downloaded video saved to: output/how_to_speak_so_that_people_want_to_listen_julian_treasure_ted/How to Speak So That People Want to Listen ｜ Julian Treasure ｜ TED.mp4
2024-11-20 15:52:41,288 - clipscribe - INFO - GOOGLE_CLOUD_PROJECT is set to: prismatic-iris-429006-g6
2024-11-20 15:52:41,290 - clipscribe - INFO - Google Cloud credentials found at: /Users/zbox/projects/clipscribe/prismatic-iris-429006-g6-147548199b5e.json
2024-11-20 15:52:43,761 - clipscribe - INFO - Processing YouTube URL: https://www.youtube.com/watch?v=eIho2S0ZahI
2024-11-20 15:52:46,503 - clipscribe - INFO - Starting audio processing for YouTube URL: https://www.youtube.com/watch?v=eIho2S0ZahI
2024-11-20 15:52:46,503 - clipscribe - INFO - Using model: gemini-1.5-pro-latest
2024-11-20 15:57:52,252 - clipscribe - INFO - Downloaded video saved to: output/how_to_speak_so_that_people_want_to_listen_julian_treasure_ted/How to Speak So That People Want to Listen ｜ Julian Treasure ｜ TED.mp4
2024-11-20 16:07:58,505 - clipscribe - INFO - GOOGLE_CLOUD_PROJECT is set to: prismatic-iris-429006-g6
2024-11-20 16:07:58,506 - clipscribe - INFO - Google Cloud credentials found at: /Users/zbox/projects/clipscribe/prismatic-iris-429006-g6-147548199b5e.json
2024-11-20 16:08:00,679 - clipscribe - INFO - Processing YouTube URL: https://www.youtube.com/watch?v=eIho2S0ZahI
2024-11-20 16:08:02,510 - clipscribe - INFO - Starting audio processing for YouTube URL: https://www.youtube.com/watch?v=eIho2S0ZahI
2024-11-20 16:08:02,511 - clipscribe - INFO - Using model: gemini-1.5-pro-latest
2024-11-20 16:13:45,118 - clipscribe - INFO - Downloaded video saved to: output/how_to_speak_so_that_people_want_to_listen_julian_treasure_ted/How to Speak So That People Want to Listen ｜ Julian Treasure ｜ TED.mp4
2024-11-20 16:23:42,797 - clipscribe - INFO - GOOGLE_CLOUD_PROJECT is set to: prismatic-iris-429006-g6
2024-11-20 16:23:42,799 - clipscribe - INFO - Google Cloud credentials found at: /Users/zbox/projects/clipscribe/prismatic-iris-429006-g6-147548199b5e.json
2024-11-20 16:23:45,552 - clipscribe - INFO - Processing YouTube URL: https://www.youtube.com/watch?v=eIho2S0ZahI
2024-11-20 16:23:47,025 - clipscribe - INFO - Starting audio processing for YouTube URL: https://www.youtube.com/watch?v=eIho2S0ZahI
2024-11-20 16:23:47,025 - clipscribe - INFO - Using model: gemini-1.5-pro-latest
2024-11-20 16:29:23,293 - clipscribe - ERROR - Error in process_audio_file: Transcript processing failed: Named entity recognition failed: 'list' object has no attribute 'items'
Traceback (most recent call last):
  File "/Users/zbox/projects/clipscribe/src/post_processing_gemini.py", line 567, in _perform_named_entity_recognition
    for category, items in extracted_entities.items():
                           ^^^^^^^^^^^^^^^^^^^^^^^^
AttributeError: 'list' object has no attribute 'items'

During handling of the above exception, another exception occurred:

Traceback (most recent call last):
  File "/Users/zbox/projects/clipscribe/src/post_processing_gemini.py", line 171, in process_transcript
    "named_entities": self._perform_named_entity_recognition(
                      ^^^^^^^^^^^^^^^^^^^^^^^^^^^^^^^^^^^^^^^
  File "/Users/zbox/projects/clipscribe/src/post_processing_gemini.py", line 578, in _perform_named_entity_recognition
    raise ProcessingError(f"Named entity recognition failed: {str(e)}")
post_processing_gemini.ProcessingError: Named entity recognition failed: 'list' object has no attribute 'items'

During handling of the above exception, another exception occurred:

Traceback (most recent call last):
  File "/Users/zbox/projects/clipscribe/src/clipscribe.py", line 411, in process_audio_file
    processed_content = post_processor.process_transcript(
                        ^^^^^^^^^^^^^^^^^^^^^^^^^^^^^^^^^^
  File "/Users/zbox/projects/clipscribe/src/post_processing_gemini.py", line 182, in process_transcript
    raise ProcessingError(f"Transcript processing failed: {str(e)}")
post_processing_gemini.ProcessingError: Transcript processing failed: Named entity recognition failed: 'list' object has no attribute 'items'
2024-11-20 18:53:21,969 - clipscribe - INFO - GOOGLE_CLOUD_PROJECT is set to: prismatic-iris-429006-g6
2024-11-20 18:53:21,971 - clipscribe - INFO - Google Cloud credentials found at: /Users/zbox/projects/clipscribe/prismatic-iris-429006-g6-147548199b5e.json
2024-11-20 18:53:23,710 - clipscribe - INFO - Processing YouTube URL: https://www.youtube.com/watch?v=eIho2S0ZahI
2024-11-20 18:53:25,495 - clipscribe - INFO - Starting audio processing for YouTube URL: https://www.youtube.com/watch?v=eIho2S0ZahI
2024-11-20 18:53:25,513 - clipscribe - INFO - Using model: gemini-1.5-pro-latest
2024-11-20 18:58:59,376 - clipscribe - ERROR - Error in process_audio_file: Transcript processing failed: Named entity recognition failed: 'list' object has no attribute 'items'
Traceback (most recent call last):
  File "/Users/zbox/projects/clipscribe/src/post_processing_gemini.py", line 567, in _perform_named_entity_recognition
    for category, items in extracted_entities.items():
                           ^^^^^^^^^^^^^^^^^^^^^^^^
AttributeError: 'list' object has no attribute 'items'

During handling of the above exception, another exception occurred:

Traceback (most recent call last):
  File "/Users/zbox/projects/clipscribe/src/post_processing_gemini.py", line 171, in process_transcript
    "named_entities": self._perform_named_entity_recognition(
                      ^^^^^^^^^^^^^^^^^^^^^^^^^^^^^^^^^^^^^^^
  File "/Users/zbox/projects/clipscribe/src/post_processing_gemini.py", line 578, in _perform_named_entity_recognition
    raise ProcessingError(f"Named entity recognition failed: {str(e)}")
post_processing_gemini.ProcessingError: Named entity recognition failed: 'list' object has no attribute 'items'

During handling of the above exception, another exception occurred:

Traceback (most recent call last):
  File "/Users/zbox/projects/clipscribe/src/clipscribe.py", line 411, in process_audio_file
    processed_content = post_processor.process_transcript(
                        ^^^^^^^^^^^^^^^^^^^^^^^^^^^^^^^^^^
  File "/Users/zbox/projects/clipscribe/src/post_processing_gemini.py", line 182, in process_transcript
    raise ProcessingError(f"Transcript processing failed: {str(e)}")
post_processing_gemini.ProcessingError: Transcript processing failed: Named entity recognition failed: 'list' object has no attribute 'items'
2024-11-20 19:10:58,857 - clipscribe - INFO - GOOGLE_CLOUD_PROJECT is set to: prismatic-iris-429006-g6
2024-11-20 19:10:58,859 - clipscribe - INFO - Google Cloud credentials found at: /Users/zbox/projects/clipscribe/prismatic-iris-429006-g6-147548199b5e.json
2024-11-20 19:11:12,999 - clipscribe - INFO - Processing YouTube URL: https://www.youtube.com/watch?v=eIho2S0ZahI
2024-11-20 19:11:14,698 - clipscribe - INFO - Starting audio processing for YouTube URL: https://www.youtube.com/watch?v=eIho2S0ZahI
2024-11-20 19:11:14,699 - clipscribe - INFO - Using model: gemini-1.5-pro-latest
2024-11-20 19:14:49,191 - clipscribe - INFO - Downloaded video saved to: output/how_to_speak_so_that_people_want_to_listen_julian_treasure_ted/How to Speak So That People Want to Listen ｜ Julian Treasure ｜ TED.mp4
2024-11-20 19:14:49,202 - clipscribe - DEBUG - Removed temporary file: output/how_to_speak_so_that_people_want_to_listen_julian_treasure_ted/How to Speak So That People Want to Listen ｜ Julian Treasure ｜ TED.wav
2024-11-20 19:14:49,202 - clipscribe - DEBUG - Removed temporary file: output/how_to_speak_so_that_people_want_to_listen_julian_treasure_ted/raw_api_response_how_to_speak_so_that_people_want_to_listen_julian_treasure_ted.json
2024-11-20 19:14:49,203 - clipscribe - DEBUG - Removed temporary file: output/how_to_speak_so_that_people_want_to_listen_julian_treasure_ted/How to Speak So That People Want to Listen ｜ Julian Treasure ｜ TED.f140.m4a
2024-11-20 19:14:49,203 - clipscribe - DEBUG - Removed temporary file: output/how_to_speak_so_that_people_want_to_listen_julian_treasure_ted/How to Speak So That People Want to Listen ｜ Julian Treasure ｜ TED.f609.mp4
2024-11-20 21:56:04,971 - clipscribe - INFO - GOOGLE_CLOUD_PROJECT is set to: prismatic-iris-429006-g6
2024-11-20 21:56:04,973 - clipscribe - INFO - Google Cloud credentials found at: /Users/zbox/projects/clipscribe/prismatic-iris-429006-g6-147548199b5e.json
2024-11-20 21:56:09,261 - clipscribe - INFO - Processing YouTube URL: https://www.youtube.com/watch?v=eIho2S0ZahI
2024-11-20 21:56:10,981 - clipscribe - INFO - Starting audio processing for YouTube URL: https://www.youtube.com/watch?v=eIho2S0ZahI
2024-11-20 21:56:10,982 - clipscribe - INFO - Using model: gemini-1.5-pro-latest
2024-11-20 21:56:59,401 - clipscribe - ERROR - Error in process_audio_file: Error processing audio: Unknown field for RecognitionOutputConfig: inline_output_config
Traceback (most recent call last):
  File "/Users/zbox/projects/clipscribe/src/transcription.py", line 389, in process_audio
    recognition_output_config=cloud_speech.RecognitionOutputConfig(
                              ^^^^^^^^^^^^^^^^^^^^^^^^^^^^^^^^^^^^^
  File "/usr/local/lib/python3.11/site-packages/proto/message.py", line 576, in __init__
    raise ValueError(
ValueError: Unknown field for RecognitionOutputConfig: inline_output_config

During handling of the above exception, another exception occurred:

Traceback (most recent call last):
  File "/Users/zbox/projects/clipscribe/src/clipscribe.py", line 375, in process_audio_file
    transcript, file_size, raw_api_response, youtube_metadata, video_path = process_audio(
                                                                            ^^^^^^^^^^^^^^
  File "/Users/zbox/projects/clipscribe/src/transcription.py", line 458, in process_audio
    raise AudioProcessingError(f"Error processing audio: {str(e)}")
error_handling.AudioProcessingError: Error processing audio: Unknown field for RecognitionOutputConfig: inline_output_config
2024-11-20 22:08:44,045 - clipscribe - INFO - GOOGLE_CLOUD_PROJECT is set to: prismatic-iris-429006-g6
2024-11-20 22:08:44,046 - clipscribe - INFO - Google Cloud credentials found at: /Users/zbox/projects/clipscribe/prismatic-iris-429006-g6-147548199b5e.json
2024-11-20 22:08:46,843 - clipscribe - INFO - Processing YouTube URL: https://www.youtube.com/watch?v=eIho2S0ZahI
2024-11-20 22:08:48,348 - clipscribe - INFO - Starting audio processing for YouTube URL: https://www.youtube.com/watch?v=eIho2S0ZahI
2024-11-20 22:08:48,348 - clipscribe - INFO - Using model: gemini-1.5-pro-latest
2024-11-20 22:11:51,727 - clipscribe - ERROR - Error in process_audio_file: Error processing audio: Error processing response: 'results'
Traceback (most recent call last):
  File "/Users/zbox/projects/clipscribe/src/transcription.py", line 256, in process_response
    file_result = next(iter(response_dict['results'].values()))
                            ~~~~~~~~~~~~~^^^^^^^^^^^
KeyError: 'results'

During handling of the above exception, another exception occurred:

Traceback (most recent call last):
  File "/Users/zbox/projects/clipscribe/src/transcription.py", line 422, in process_audio
    transcript_data = transcript_processor.process_response(file_result)
                      ^^^^^^^^^^^^^^^^^^^^^^^^^^^^^^^^^^^^^^^^^^^^^^^^^^
  File "/Users/zbox/projects/clipscribe/src/transcription.py", line 306, in process_response
    raise TranscriptionError(f"Error processing response: {str(e)}")
error_handling.TranscriptionError: Error processing response: 'results'

During handling of the above exception, another exception occurred:

Traceback (most recent call last):
  File "/Users/zbox/projects/clipscribe/src/clipscribe.py", line 375, in process_audio_file
    transcript, file_size, raw_api_response, youtube_metadata, video_path = process_audio(
                                                                            ^^^^^^^^^^^^^^
  File "/Users/zbox/projects/clipscribe/src/transcription.py", line 460, in process_audio
    raise AudioProcessingError(f"Error processing audio: {str(e)}")
error_handling.AudioProcessingError: Error processing audio: Error processing response: 'results'
2024-11-20 22:20:30,301 - clipscribe - INFO - GOOGLE_CLOUD_PROJECT is set to: prismatic-iris-429006-g6
2024-11-20 22:20:30,302 - clipscribe - INFO - Google Cloud credentials found at: /Users/zbox/projects/clipscribe/prismatic-iris-429006-g6-147548199b5e.json
2024-11-20 22:20:36,173 - clipscribe - INFO - Processing YouTube URL: https://www.youtube.com/watch?v=eIho2S0ZahI
2024-11-20 22:20:38,029 - clipscribe - INFO - Starting audio processing for YouTube URL: https://www.youtube.com/watch?v=eIho2S0ZahI
2024-11-20 22:20:38,029 - clipscribe - INFO - Using model: gemini-1.5-pro-latest
2024-11-20 22:20:40,569 - clipscribe - ERROR - Error in process_audio_file: Error processing audio: 400 PUT https://storage.googleapis.com/storage/v1/b/prismatic-iris-429006-g6-speech-output/iam?prettyPrint=false: Role roles/storage.bucketViewer is not supported for this resource.
Traceback (most recent call last):
  File "/Users/zbox/projects/clipscribe/src/transcription.py", line 343, in process_audio
    speech_recognizer = SpeechRecognizer(GOOGLE_CLOUD_PROJECT)
                        ^^^^^^^^^^^^^^^^^^^^^^^^^^^^^^^^^^^^^^
  File "/Users/zbox/projects/clipscribe/src/transcription.py", line 246, in __init__
    self.output_bucket.set_iam_policy(policy)
  File "/usr/local/Cellar/python@3.11/3.11.10/Frameworks/Python.framework/Versions/3.11/lib/python3.11/contextlib.py", line 81, in inner
    return func(*args, **kwds)
           ^^^^^^^^^^^^^^^^^^^
  File "/usr/local/lib/python3.11/site-packages/google/cloud/storage/bucket.py", line 3145, in set_iam_policy
    info = client._put_resource(
           ^^^^^^^^^^^^^^^^^^^^^
  File "/usr/local/lib/python3.11/site-packages/google/cloud/storage/client.py", line 643, in _put_resource
    return self._connection.api_request(
           ^^^^^^^^^^^^^^^^^^^^^^^^^^^^^
  File "/usr/local/lib/python3.11/site-packages/google/cloud/storage/_http.py", line 90, in api_request
    return call()
           ^^^^^^
  File "/usr/local/lib/python3.11/site-packages/google/api_core/retry/retry_unary.py", line 293, in retry_wrapped_func
    return retry_target(
           ^^^^^^^^^^^^^
  File "/usr/local/lib/python3.11/site-packages/google/api_core/retry/retry_unary.py", line 153, in retry_target
    _retry_error_helper(
  File "/usr/local/lib/python3.11/site-packages/google/api_core/retry/retry_base.py", line 212, in _retry_error_helper
    raise final_exc from source_exc
  File "/usr/local/lib/python3.11/site-packages/google/api_core/retry/retry_unary.py", line 144, in retry_target
    result = target()
             ^^^^^^^^
  File "/usr/local/lib/python3.11/site-packages/google/cloud/_http/__init__.py", line 494, in api_request
    raise exceptions.from_http_response(response)
google.api_core.exceptions.BadRequest: 400 PUT https://storage.googleapis.com/storage/v1/b/prismatic-iris-429006-g6-speech-output/iam?prettyPrint=false: Role roles/storage.bucketViewer is not supported for this resource.

During handling of the above exception, another exception occurred:

Traceback (most recent call last):
  File "/Users/zbox/projects/clipscribe/src/clipscribe.py", line 375, in process_audio_file
    transcript, file_size, raw_api_response, youtube_metadata, video_path = process_audio(
                                                                            ^^^^^^^^^^^^^^
  File "/Users/zbox/projects/clipscribe/src/transcription.py", line 458, in process_audio
    raise AudioProcessingError(f"Error processing audio: {str(e)}")
error_handling.AudioProcessingError: Error processing audio: 400 PUT https://storage.googleapis.com/storage/v1/b/prismatic-iris-429006-g6-speech-output/iam?prettyPrint=false: Role roles/storage.bucketViewer is not supported for this resource.
2024-11-20 22:25:55,645 - clipscribe - INFO - GOOGLE_CLOUD_PROJECT is set to: prismatic-iris-429006-g6
2024-11-20 22:25:55,646 - clipscribe - INFO - Google Cloud credentials found at: /Users/zbox/projects/clipscribe/prismatic-iris-429006-g6-147548199b5e.json
2024-11-20 22:25:57,992 - clipscribe - INFO - Processing YouTube URL: https://www.youtube.com/watch?v=eIho2S0ZahI
2024-11-20 22:25:59,920 - clipscribe - INFO - Starting audio processing for YouTube URL: https://www.youtube.com/watch?v=eIho2S0ZahI
2024-11-20 22:25:59,921 - clipscribe - INFO - Using model: gemini-1.5-pro-latest
2024-11-20 22:29:04,997 - clipscribe - ERROR - Error in process_audio_file: Invalid or empty transcript received
Traceback (most recent call last):
  File "/Users/zbox/projects/clipscribe/src/clipscribe.py", line 387, in process_audio_file
    raise TranscriptionError("Invalid or empty transcript received")
error_handling.TranscriptionError: Invalid or empty transcript received
2024-11-20 22:41:03,541 - clipscribe - INFO - GOOGLE_CLOUD_PROJECT is set to: prismatic-iris-429006-g6
2024-11-20 22:41:03,542 - clipscribe - INFO - Google Cloud credentials found at: /Users/zbox/projects/clipscribe/prismatic-iris-429006-g6-147548199b5e.json
2024-11-20 22:41:04,991 - clipscribe - INFO - Processing YouTube URL: https://www.youtube.com/watch?v=eIho2S0ZahI
2024-11-20 22:41:06,613 - clipscribe - INFO - Starting audio processing for YouTube URL: https://www.youtube.com/watch?v=eIho2S0ZahI
2024-11-20 22:41:06,613 - clipscribe - INFO - Using model: gemini-1.5-pro-latest
2024-11-20 22:44:06,005 - clipscribe - ERROR - Error in process_audio_file: 'str' object has no attribute 'get'
Traceback (most recent call last):
  File "/Users/zbox/projects/clipscribe/src/clipscribe.py", line 388, in process_audio_file
    output_uri = raw_api_response.get("cloudStorageResult", {}).get("uri")
                 ^^^^^^^^^^^^^^^^^^^^
AttributeError: 'str' object has no attribute 'get'
2024-11-20 23:03:25,055 - clipscribe - INFO - GOOGLE_CLOUD_PROJECT is set to: prismatic-iris-429006-g6
2024-11-20 23:03:25,056 - clipscribe - INFO - Google Cloud credentials found at: /Users/zbox/projects/clipscribe/prismatic-iris-429006-g6-147548199b5e.json
2024-11-20 23:03:27,712 - clipscribe - INFO - Processing YouTube URL: https://www.youtube.com/watch?v=eIho2S0ZahI
2024-11-20 23:03:29,900 - clipscribe - INFO - Starting audio processing for YouTube URL: https://www.youtube.com/watch?v=eIho2S0ZahI
2024-11-20 23:03:29,900 - clipscribe - INFO - Using model: gemini-1.5-pro-latest
2024-11-20 23:06:30,317 - clipscribe - ERROR - Failed to parse raw API response: Expecting value: line 1 column 1 (char 0)
2024-11-20 23:06:30,318 - clipscribe - ERROR - Error in process_audio_file: Invalid API response format
Traceback (most recent call last):
  File "/Users/zbox/projects/clipscribe/src/clipscribe.py", line 386, in process_audio_file
    raw_api_response = json.loads(raw_api_response)
                       ^^^^^^^^^^^^^^^^^^^^^^^^^^^^
  File "/usr/local/Cellar/python@3.11/3.11.10/Frameworks/Python.framework/Versions/3.11/lib/python3.11/json/__init__.py", line 346, in loads
    return _default_decoder.decode(s)
           ^^^^^^^^^^^^^^^^^^^^^^^^^^
  File "/usr/local/Cellar/python@3.11/3.11.10/Frameworks/Python.framework/Versions/3.11/lib/python3.11/json/decoder.py", line 337, in decode
    obj, end = self.raw_decode(s, idx=_w(s, 0).end())
               ^^^^^^^^^^^^^^^^^^^^^^^^^^^^^^^^^^^^^^
  File "/usr/local/Cellar/python@3.11/3.11.10/Frameworks/Python.framework/Versions/3.11/lib/python3.11/json/decoder.py", line 355, in raw_decode
    raise JSONDecodeError("Expecting value", s, err.value) from None
json.decoder.JSONDecodeError: Expecting value: line 1 column 1 (char 0)

During handling of the above exception, another exception occurred:

Traceback (most recent call last):
  File "/Users/zbox/projects/clipscribe/src/clipscribe.py", line 389, in process_audio_file
    raise TranscriptionError("Invalid API response format")
error_handling.TranscriptionError: Invalid API response format
2024-11-20 23:08:07,007 - clipscribe - INFO - GOOGLE_CLOUD_PROJECT is set to: prismatic-iris-429006-g6
2024-11-20 23:08:07,008 - clipscribe - INFO - Google Cloud credentials found at: /Users/zbox/projects/clipscribe/prismatic-iris-429006-g6-147548199b5e.json
2024-11-20 23:08:09,493 - clipscribe - INFO - Processing YouTube URL: https://www.youtube.com/watch?v=eIho2S0ZahI
2024-11-20 23:08:10,935 - clipscribe - INFO - Starting audio processing for YouTube URL: https://www.youtube.com/watch?v=eIho2S0ZahI
2024-11-20 23:08:10,936 - clipscribe - INFO - Using model: gemini-1.5-pro-latest
2024-11-20 23:11:08,749 - clipscribe - ERROR - Failed to parse raw API response: Expecting value: line 1 column 1 (char 0)
2024-11-20 23:11:08,750 - clipscribe - ERROR - Error in process_audio_file: Invalid API response format
Traceback (most recent call last):
  File "/Users/zbox/projects/clipscribe/src/clipscribe.py", line 386, in process_audio_file
    raw_api_response = json.loads(raw_api_response)
                       ^^^^^^^^^^^^^^^^^^^^^^^^^^^^
  File "/usr/local/Cellar/python@3.11/3.11.10/Frameworks/Python.framework/Versions/3.11/lib/python3.11/json/__init__.py", line 346, in loads
    return _default_decoder.decode(s)
           ^^^^^^^^^^^^^^^^^^^^^^^^^^
  File "/usr/local/Cellar/python@3.11/3.11.10/Frameworks/Python.framework/Versions/3.11/lib/python3.11/json/decoder.py", line 337, in decode
    obj, end = self.raw_decode(s, idx=_w(s, 0).end())
               ^^^^^^^^^^^^^^^^^^^^^^^^^^^^^^^^^^^^^^
  File "/usr/local/Cellar/python@3.11/3.11.10/Frameworks/Python.framework/Versions/3.11/lib/python3.11/json/decoder.py", line 355, in raw_decode
    raise JSONDecodeError("Expecting value", s, err.value) from None
json.decoder.JSONDecodeError: Expecting value: line 1 column 1 (char 0)

During handling of the above exception, another exception occurred:

Traceback (most recent call last):
  File "/Users/zbox/projects/clipscribe/src/clipscribe.py", line 389, in process_audio_file
    raise TranscriptionError("Invalid API response format")
error_handling.TranscriptionError: Invalid API response format
2024-11-20 23:12:43,342 - clipscribe - INFO - GOOGLE_CLOUD_PROJECT is set to: prismatic-iris-429006-g6
2024-11-20 23:12:43,343 - clipscribe - INFO - Google Cloud credentials found at: /Users/zbox/projects/clipscribe/prismatic-iris-429006-g6-147548199b5e.json
2024-11-20 23:12:45,660 - clipscribe - INFO - Processing YouTube URL: https://www.youtube.com/watch?v=eIho2S0ZahI
2024-11-20 23:12:47,819 - clipscribe - INFO - Starting audio processing for YouTube URL: https://www.youtube.com/watch?v=eIho2S0ZahI
2024-11-20 23:12:47,820 - clipscribe - INFO - Using model: gemini-1.5-pro-latest
2024-11-20 23:15:47,788 - clipscribe - ERROR - Error in process_audio_file: 'str' object has no attribute 'get'
Traceback (most recent call last):
  File "/Users/zbox/projects/clipscribe/src/clipscribe.py", line 381, in process_audio_file
    output_uri = raw_api_response.get("cloudStorageResult", {}).get("uri")
                 ^^^^^^^^^^^^^^^^^^^^
AttributeError: 'str' object has no attribute 'get'
2024-11-21 23:31:38,155 - clipscribe - INFO - GOOGLE_CLOUD_PROJECT is set to: prismatic-iris-429006-g6
2024-11-21 23:31:38,156 - clipscribe - INFO - Google Cloud credentials found at: /Users/zbox/projects/clipscribe/prismatic-iris-429006-g6-147548199b5e.json
2024-11-21 23:31:40,295 - clipscribe - INFO - Processing YouTube URL: https://www.youtube.com/watch?v=eIho2S0ZahI
2024-11-21 23:31:42,229 - clipscribe - INFO - Starting audio processing for YouTube URL: https://www.youtube.com/watch?v=eIho2S0ZahI
2024-11-21 23:31:42,230 - clipscribe - INFO - Using model: gemini-exp-1121
2024-11-21 23:34:40,326 - clipscribe - ERROR - Error in process_audio_file: No transcript URI in response
Traceback (most recent call last):
  File "/Users/zbox/projects/clipscribe/src/clipscribe.py", line 392, in process_audio_file
    raise TranscriptionError("No transcript URI in response")
error_handling.TranscriptionError: No transcript URI in response
2024-11-21 23:53:08,448 - clipscribe - INFO - GOOGLE_CLOUD_PROJECT is set to: prismatic-iris-429006-g6
2024-11-21 23:53:08,450 - clipscribe - INFO - Google Cloud credentials found at: /Users/zbox/projects/clipscribe/prismatic-iris-429006-g6-147548199b5e.json
2024-11-21 23:53:08,451 - clipscribe - INFO - Processing YouTube URL: https://www.youtube.com/watch?v=eIho2S0ZahI
2024-11-21 23:53:14,873 - clipscribe - INFO - Starting audio processing for YouTube URL: https://www.youtube.com/watch?v=eIho2S0ZahI
2024-11-21 23:53:14,874 - clipscribe - INFO - Using model: gemini-exp-1121
2024-11-21 23:56:07,759 - clipscribe - ERROR - Error in process_audio_file: No transcript URI in response
Traceback (most recent call last):
  File "/Users/zbox/projects/clipscribe/src/clipscribe.py", line 396, in process_audio_file
    raise TranscriptionError("No transcript URI in response")
error_handling.TranscriptionError: No transcript URI in response
2024-11-22 00:13:03,200 - clipscribe - INFO - GOOGLE_CLOUD_PROJECT is set to: prismatic-iris-429006-g6
2024-11-22 00:13:03,202 - clipscribe - INFO - Google Cloud credentials found at: /Users/zbox/projects/clipscribe/prismatic-iris-429006-g6-147548199b5e.json
2024-11-22 00:13:03,203 - clipscribe - INFO - Processing YouTube URL: https://www.youtube.com/watch?v=eIho2S0ZahI
2024-11-22 00:13:04,303 - clipscribe - INFO - Starting audio processing for YouTube URL: https://www.youtube.com/watch?v=eIho2S0ZahI
2024-11-22 00:13:04,304 - clipscribe - INFO - Using model: gemini-exp-1121
2024-11-22 00:16:01,367 - clipscribe - ERROR - Error in process_audio_file: No transcript URI in response
Traceback (most recent call last):
  File "/Users/zbox/projects/clipscribe/src/clipscribe.py", line 396, in process_audio_file
    raise TranscriptionError("No transcript URI in response")
error_handling.TranscriptionError: No transcript URI in response
2024-11-22 01:50:41,963 - clipscribe - INFO - GOOGLE_CLOUD_PROJECT is set to: prismatic-iris-429006-g6
2024-11-22 01:50:41,964 - clipscribe - INFO - Google Cloud credentials found at: /Users/zbox/projects/clipscribe/prismatic-iris-429006-g6-147548199b5e.json
2024-11-22 01:50:41,964 - clipscribe - INFO - Processing YouTube URL: https://www.youtube.com/watch?v=eIho2S0ZahI
2024-11-22 01:50:43,805 - clipscribe - INFO - Starting audio processing for YouTube URL: https://www.youtube.com/watch?v=eIho2S0ZahI
2024-11-22 01:50:43,805 - clipscribe - INFO - Using model: gemini-exp-1121
2024-11-22 01:51:20,849 - clipscribe - ERROR - Error in process_audio_file: Error processing audio: 400 Invalid resource id: recognizer_1732269080. This value should match the regex: [a-z]([a-z0-9-]{0,61}[a-z0-9])?
Traceback (most recent call last):
  File "/usr/local/lib/python3.11/site-packages/google/api_core/grpc_helpers.py", line 76, in error_remapped_callable
    return callable_(*args, **kwargs)
           ^^^^^^^^^^^^^^^^^^^^^^^^^^
  File "/usr/local/lib/python3.11/site-packages/grpc/_channel.py", line 1181, in __call__
    return _end_unary_response_blocking(state, call, False, None)
           ^^^^^^^^^^^^^^^^^^^^^^^^^^^^^^^^^^^^^^^^^^^^^^^^^^^^^^
  File "/usr/local/lib/python3.11/site-packages/grpc/_channel.py", line 1006, in _end_unary_response_blocking
    raise _InactiveRpcError(state)  # pytype: disable=not-instantiable
    ^^^^^^^^^^^^^^^^^^^^^^^^^^^^^^
grpc._channel._InactiveRpcError: <_InactiveRpcError of RPC that terminated with:
	status = StatusCode.INVALID_ARGUMENT
	details = "Invalid resource id: recognizer_1732269080. This value should match the regex: [a-z]([a-z0-9-]{0,61}[a-z0-9])?"
	debug_error_string = "UNKNOWN:Error received from peer ipv6:%5B2607:f8b0:4005:801::200a%5D:443 {grpc_message:"Invalid resource id: recognizer_1732269080. This value should match the regex: [a-z]([a-z0-9-]{0,61}[a-z0-9])?", grpc_status:3, created_time:"2024-11-22T01:51:20.576788-08:00"}"
>

The above exception was the direct cause of the following exception:

Traceback (most recent call last):
  File "/Users/zbox/projects/clipscribe/src/transcription.py", line 386, in process_audio
    recognizer = speech_recognizer.client.create_recognizer(
                 ^^^^^^^^^^^^^^^^^^^^^^^^^^^^^^^^^^^^^^^^^^^
  File "/usr/local/lib/python3.11/site-packages/google/cloud/speech_v2/services/speech/client.py", line 890, in create_recognizer
    response = rpc(
               ^^^^
  File "/usr/local/lib/python3.11/site-packages/google/api_core/gapic_v1/method.py", line 131, in __call__
    return wrapped_func(*args, **kwargs)
           ^^^^^^^^^^^^^^^^^^^^^^^^^^^^^
  File "/usr/local/lib/python3.11/site-packages/google/api_core/grpc_helpers.py", line 78, in error_remapped_callable
    raise exceptions.from_grpc_error(exc) from exc
google.api_core.exceptions.InvalidArgument: 400 Invalid resource id: recognizer_1732269080. This value should match the regex: [a-z]([a-z0-9-]{0,61}[a-z0-9])?

During handling of the above exception, another exception occurred:

Traceback (most recent call last):
  File "/Users/zbox/projects/clipscribe/src/clipscribe.py", line 369, in process_audio_file
    transcript, file_size, raw_api_response, youtube_metadata, video_path = process_audio(
                                                                            ^^^^^^^^^^^^^^
  File "/Users/zbox/projects/clipscribe/src/transcription.py", line 475, in process_audio
    raise AudioProcessingError(f"Error processing audio: {str(e)}")
error_handling.AudioProcessingError: Error processing audio: 400 Invalid resource id: recognizer_1732269080. This value should match the regex: [a-z]([a-z0-9-]{0,61}[a-z0-9])?
2024-11-22 02:03:07,830 - clipscribe - INFO - GOOGLE_CLOUD_PROJECT is set to: prismatic-iris-429006-g6
2024-11-22 02:03:07,831 - clipscribe - INFO - Google Cloud credentials found at: /Users/zbox/projects/clipscribe/prismatic-iris-429006-g6-147548199b5e.json
2024-11-22 02:03:07,831 - clipscribe - INFO - Processing YouTube URL: https://www.youtube.com/watch?v=eIho2S0ZahI
2024-11-22 02:03:08,971 - clipscribe - INFO - Starting audio processing for YouTube URL: https://www.youtube.com/watch?v=eIho2S0ZahI
2024-11-22 02:03:08,972 - clipscribe - INFO - Using model: gemini-exp-1121
2024-11-22 02:03:42,953 - clipscribe - ERROR - Error in process_audio_file: Error processing audio: 400 The model "chirp" does not exist in the location named "global"..
Traceback (most recent call last):
  File "/usr/local/lib/python3.11/site-packages/google/api_core/grpc_helpers.py", line 76, in error_remapped_callable
    return callable_(*args, **kwargs)
           ^^^^^^^^^^^^^^^^^^^^^^^^^^
  File "/usr/local/lib/python3.11/site-packages/grpc/_channel.py", line 1181, in __call__
    return _end_unary_response_blocking(state, call, False, None)
           ^^^^^^^^^^^^^^^^^^^^^^^^^^^^^^^^^^^^^^^^^^^^^^^^^^^^^^
  File "/usr/local/lib/python3.11/site-packages/grpc/_channel.py", line 1006, in _end_unary_response_blocking
    raise _InactiveRpcError(state)  # pytype: disable=not-instantiable
    ^^^^^^^^^^^^^^^^^^^^^^^^^^^^^^
grpc._channel._InactiveRpcError: <_InactiveRpcError of RPC that terminated with:
	status = StatusCode.INVALID_ARGUMENT
	details = "The model "chirp" does not exist in the location named "global".."
	debug_error_string = "UNKNOWN:Error received from peer ipv6:%5B2607:f8b0:4005:810::200a%5D:443 {created_time:"2024-11-22T02:03:42.678336-08:00", grpc_status:3, grpc_message:"The model \"chirp\" does not exist in the location named \"global\".."}"
>

The above exception was the direct cause of the following exception:

Traceback (most recent call last):
  File "/Users/zbox/projects/clipscribe/src/transcription.py", line 386, in process_audio
    recognizer = speech_recognizer.client.create_recognizer(
                 ^^^^^^^^^^^^^^^^^^^^^^^^^^^^^^^^^^^^^^^^^^^
  File "/usr/local/lib/python3.11/site-packages/google/cloud/speech_v2/services/speech/client.py", line 890, in create_recognizer
    response = rpc(
               ^^^^
  File "/usr/local/lib/python3.11/site-packages/google/api_core/gapic_v1/method.py", line 131, in __call__
    return wrapped_func(*args, **kwargs)
           ^^^^^^^^^^^^^^^^^^^^^^^^^^^^^
  File "/usr/local/lib/python3.11/site-packages/google/api_core/grpc_helpers.py", line 78, in error_remapped_callable
    raise exceptions.from_grpc_error(exc) from exc
google.api_core.exceptions.InvalidArgument: 400 The model "chirp" does not exist in the location named "global"..

During handling of the above exception, another exception occurred:

Traceback (most recent call last):
  File "/Users/zbox/projects/clipscribe/src/clipscribe.py", line 369, in process_audio_file
    transcript, file_size, raw_api_response, youtube_metadata, video_path = process_audio(
                                                                            ^^^^^^^^^^^^^^
  File "/Users/zbox/projects/clipscribe/src/transcription.py", line 475, in process_audio
    raise AudioProcessingError(f"Error processing audio: {str(e)}")
error_handling.AudioProcessingError: Error processing audio: 400 The model "chirp" does not exist in the location named "global"..
2024-11-22 02:11:12,610 - clipscribe - INFO - GOOGLE_CLOUD_PROJECT is set to: prismatic-iris-429006-g6
2024-11-22 02:11:12,612 - clipscribe - INFO - Google Cloud credentials found at: /Users/zbox/projects/clipscribe/prismatic-iris-429006-g6-147548199b5e.json
2024-11-22 02:11:12,613 - clipscribe - INFO - Processing YouTube URL: https://www.youtube.com/watch?v=eIho2S0ZahI
2024-11-22 02:11:15,549 - clipscribe - INFO - Starting audio processing for YouTube URL: https://www.youtube.com/watch?v=eIho2S0ZahI
2024-11-22 02:11:15,550 - clipscribe - INFO - Using model: gemini-exp-1121
2024-11-22 02:11:54,189 - clipscribe - ERROR - Error in process_audio_file: Error processing audio: 400 Recognition output configuration must be specified.
Traceback (most recent call last):
  File "/usr/local/lib/python3.11/site-packages/google/api_core/grpc_helpers.py", line 76, in error_remapped_callable
    return callable_(*args, **kwargs)
           ^^^^^^^^^^^^^^^^^^^^^^^^^^
  File "/usr/local/lib/python3.11/site-packages/grpc/_channel.py", line 1181, in __call__
    return _end_unary_response_blocking(state, call, False, None)
           ^^^^^^^^^^^^^^^^^^^^^^^^^^^^^^^^^^^^^^^^^^^^^^^^^^^^^^
  File "/usr/local/lib/python3.11/site-packages/grpc/_channel.py", line 1006, in _end_unary_response_blocking
    raise _InactiveRpcError(state)  # pytype: disable=not-instantiable
    ^^^^^^^^^^^^^^^^^^^^^^^^^^^^^^
grpc._channel._InactiveRpcError: <_InactiveRpcError of RPC that terminated with:
	status = StatusCode.INVALID_ARGUMENT
	details = "Recognition output configuration must be specified."
	debug_error_string = "UNKNOWN:Error received from peer ipv6:%5B2607:f8b0:4005:802::200a%5D:443 {grpc_message:"Recognition output configuration must be specified.", grpc_status:3, created_time:"2024-11-22T02:11:53.399546-08:00"}"
>

The above exception was the direct cause of the following exception:

Traceback (most recent call last):
  File "/Users/zbox/projects/clipscribe/src/transcription.py", line 415, in process_audio
    operation = speech_recognizer.client.batch_recognize(request=request)
                ^^^^^^^^^^^^^^^^^^^^^^^^^^^^^^^^^^^^^^^^^^^^^^^^^^^^^^^^^
  File "/usr/local/lib/python3.11/site-packages/google/cloud/speech_v2/services/speech/client.py", line 2020, in batch_recognize
    response = rpc(
               ^^^^
  File "/usr/local/lib/python3.11/site-packages/google/api_core/gapic_v1/method.py", line 131, in __call__
    return wrapped_func(*args, **kwargs)
           ^^^^^^^^^^^^^^^^^^^^^^^^^^^^^
  File "/usr/local/lib/python3.11/site-packages/google/api_core/grpc_helpers.py", line 78, in error_remapped_callable
    raise exceptions.from_grpc_error(exc) from exc
google.api_core.exceptions.InvalidArgument: 400 Recognition output configuration must be specified.

During handling of the above exception, another exception occurred:

Traceback (most recent call last):
  File "/Users/zbox/projects/clipscribe/src/clipscribe.py", line 369, in process_audio_file
    transcript, file_size, raw_api_response, youtube_metadata, video_path = process_audio(
                                                                            ^^^^^^^^^^^^^^
  File "/Users/zbox/projects/clipscribe/src/transcription.py", line 475, in process_audio
    raise AudioProcessingError(f"Error processing audio: {str(e)}")
error_handling.AudioProcessingError: Error processing audio: 400 Recognition output configuration must be specified.
2024-11-22 02:21:58,871 - clipscribe - INFO - GOOGLE_CLOUD_PROJECT is set to: prismatic-iris-429006-g6
2024-11-22 02:21:58,872 - clipscribe - INFO - Google Cloud credentials found at: /Users/zbox/projects/clipscribe/prismatic-iris-429006-g6-147548199b5e.json
2024-11-22 02:21:58,872 - clipscribe - INFO - Processing YouTube URL: https://www.youtube.com/watch?v=eIho2S0ZahI
2024-11-22 02:22:00,330 - clipscribe - INFO - Starting audio processing for YouTube URL: https://www.youtube.com/watch?v=eIho2S0ZahI
2024-11-22 02:22:00,331 - clipscribe - INFO - Using model: gemini-exp-1121
2024-11-22 02:25:01,823 - clipscribe - ERROR - Error in process_audio_file: No transcript URI in response
Traceback (most recent call last):
  File "/Users/zbox/projects/clipscribe/src/clipscribe.py", line 396, in process_audio_file
    raise TranscriptionError("No transcript URI in response")
error_handling.TranscriptionError: No transcript URI in response
2024-11-22 02:37:50,591 - clipscribe - INFO - GOOGLE_CLOUD_PROJECT is set to: prismatic-iris-429006-g6
2024-11-22 02:37:50,592 - clipscribe - INFO - Google Cloud credentials found at: /Users/zbox/projects/clipscribe/prismatic-iris-429006-g6-147548199b5e.json
2024-11-22 02:37:50,593 - clipscribe - INFO - Processing YouTube URL: https://www.youtube.com/watch?v=eIho2S0ZahI
2024-11-22 02:37:52,220 - clipscribe - INFO - Starting audio processing for YouTube URL: https://www.youtube.com/watch?v=eIho2S0ZahI
2024-11-22 02:37:52,220 - clipscribe - INFO - Using model: gemini-exp-1121
2024-11-22 02:40:53,042 - clipscribe - ERROR - Error in process_audio_file: No transcript URI in response
Traceback (most recent call last):
  File "/Users/zbox/projects/clipscribe/src/clipscribe.py", line 396, in process_audio_file
    raise TranscriptionError("No transcript URI in response")
error_handling.TranscriptionError: No transcript URI in response
2024-11-22 03:57:00,027 - clipscribe - INFO - GOOGLE_CLOUD_PROJECT is set to: prismatic-iris-429006-g6
2024-11-22 03:57:00,028 - clipscribe - INFO - Google Cloud credentials found at: /Users/zbox/projects/clipscribe/prismatic-iris-429006-g6-147548199b5e.json
2024-11-22 03:57:03,846 - clipscribe - INFO - Processing YouTube URL: exit
2024-11-22 03:57:20,559 - clipscribe - INFO - GOOGLE_CLOUD_PROJECT is set to: prismatic-iris-429006-g6
2024-11-22 03:57:20,560 - clipscribe - INFO - Google Cloud credentials found at: /Users/zbox/projects/clipscribe/prismatic-iris-429006-g6-147548199b5e.json
2024-11-22 03:57:20,561 - clipscribe - INFO - Processing YouTube URL: https://www.youtube.com/watch?v=eIho2S0ZahI
2024-11-22 03:57:22,122 - clipscribe - INFO - Starting audio processing for YouTube URL: https://www.youtube.com/watch?v=eIho2S0ZahI
2024-11-22 03:57:22,123 - clipscribe - INFO - Using model: gemini-exp-1121
2024-11-22 04:00:29,431 - clipscribe - ERROR - Error in process_audio_file: No transcript URI in response
Traceback (most recent call last):
  File "/Users/zbox/projects/clipscribe/src/clipscribe.py", line 396, in process_audio_file
    raise TranscriptionError("No transcript URI in response")
error_handling.TranscriptionError: No transcript URI in response
2024-11-22 04:06:29,442 - clipscribe - INFO - GOOGLE_CLOUD_PROJECT is set to: prismatic-iris-429006-g6
2024-11-22 04:06:29,444 - clipscribe - INFO - Google Cloud credentials found at: /Users/zbox/projects/clipscribe/prismatic-iris-429006-g6-147548199b5e.json
2024-11-22 04:06:29,444 - clipscribe - INFO - Processing YouTube URL: https://www.youtube.com/watch?v=eIho2S0ZahI
2024-11-22 04:09:38,823 - clipscribe - ERROR - Error in process_audio_file: 'AudioProcessor' object has no attribute 'post_processor'
2024-11-22 04:17:01,258 - clipscribe - INFO - GOOGLE_CLOUD_PROJECT is set to: prismatic-iris-429006-g6
2024-11-22 04:17:01,259 - clipscribe - INFO - Google Cloud credentials found at: /Users/zbox/projects/clipscribe/prismatic-iris-429006-g6-147548199b5e.json
2024-11-22 04:17:01,260 - clipscribe - INFO - Processing YouTube URL: https://www.youtube.com/watch?v=eIho2S0ZahI
2024-11-22 04:26:48,999 - clipscribe - INFO - GOOGLE_CLOUD_PROJECT is set to: prismatic-iris-429006-g6
2024-11-22 04:26:49,000 - clipscribe - INFO - Google Cloud credentials found at: /Users/zbox/projects/clipscribe/prismatic-iris-429006-g6-147548199b5e.json
2024-11-22 04:26:49,001 - clipscribe - INFO - Processing YouTube URL: https://www.youtube.com/watch?v=eIho2S0ZahI
2024-11-22 04:27:01,021 - clipscribe - ERROR - Error in process_audio_file: Error processing audio: Error downloading YouTube audio/video: 'str' object has no attribute 'get'
2024-11-22 04:35:12,730 - clipscribe - INFO - GOOGLE_CLOUD_PROJECT is set to: prismatic-iris-429006-g6
2024-11-22 04:35:12,732 - clipscribe - INFO - Google Cloud credentials found at: /Users/zbox/projects/clipscribe/prismatic-iris-429006-g6-147548199b5e.json
2024-11-22 04:35:12,733 - clipscribe - INFO - Processing YouTube URL: https://www.youtube.com/watch?v=eIho2S0ZahI
2024-11-22 04:35:25,023 - clipscribe - ERROR - Error in process_audio_file: Error processing audio: Error downloading YouTube audio/video: [Errno 2] No such file or directory: 'output/how_to_speak_so_that_people_want_to_listen_julian_treasure_ted/output/how_to_speak_so_that_people_want_to_listen_julian_treasure_ted/How to Speak So That People Want to Listen ｜ Julian Treasure ｜ TED.wav'
2024-11-22 04:39:49,308 - clipscribe - INFO - GOOGLE_CLOUD_PROJECT is set to: prismatic-iris-429006-g6
2024-11-22 04:39:49,309 - clipscribe - INFO - Google Cloud credentials found at: /Users/zbox/projects/clipscribe/prismatic-iris-429006-g6-147548199b5e.json
2024-11-22 04:39:49,309 - clipscribe - INFO - Processing YouTube URL: https://www.youtube.com/watch?v=eIho2S0ZahI
2024-11-22 04:40:03,316 - clipscribe - ERROR - Error in process_audio_file: Error processing audio: Error downloading YouTube audio/video: [Errno 2] No such file or directory: 'output/how_to_speak_so_that_people_want_to_listen_julian_treasure_ted/output/how_to_speak_so_that_people_want_to_listen_julian_treasure_ted/How to Speak So That People Want to Listen ｜ Julian Treasure ｜ TED.wav'
2024-11-22 04:42:25,883 - clipscribe - INFO - GOOGLE_CLOUD_PROJECT is set to: prismatic-iris-429006-g6
2024-11-22 04:42:25,884 - clipscribe - INFO - Google Cloud credentials found at: /Users/zbox/projects/clipscribe/prismatic-iris-429006-g6-147548199b5e.json
2024-11-22 04:42:25,885 - clipscribe - INFO - Processing YouTube URL: https://www.youtube.com/watch?v=eIho2S0ZahI
2024-11-22 04:42:36,679 - clipscribe - ERROR - Error in process_audio_file: Error processing audio: Error downloading YouTube audio/video: 'str' object has no attribute 'get'
2024-11-25 19:50:53,554 - clipscribe - INFO - GOOGLE_CLOUD_PROJECT is set to: prismatic-iris-429006-g6
2024-11-25 19:50:53,557 - clipscribe - INFO - Google Cloud credentials found at: /Users/zbox/projects/clipscribe/prismatic-iris-429006-g6-147548199b5e.json
2024-11-25 19:50:53,557 - clipscribe - INFO - Processing YouTube URL: https://www.youtube.com/watch?v=eIho2S0ZahI
2024-11-25 19:51:18,136 - clipscribe - ERROR - Error in process_audio_file: Error processing audio: Error downloading YouTube audio/video: [Errno 2] No such file or directory: 'output/how to speak so that people want to listen _ julian treasure _ ted/How to Speak So That People Want to Listen | Julian Treasure | TED.wav'
2024-11-25 20:00:32,805 - clipscribe - INFO - GOOGLE_CLOUD_PROJECT is set to: prismatic-iris-429006-g6
2024-11-25 20:00:32,806 - clipscribe - INFO - Google Cloud credentials found at: /Users/zbox/projects/clipscribe/prismatic-iris-429006-g6-147548199b5e.json
2024-11-25 20:00:32,807 - clipscribe - INFO - Processing YouTube URL: https://www.youtube.com/watch?v=eIho2S0ZahI
2024-11-25 20:00:40,188 - clipscribe - ERROR - Error in process_audio_file: Error processing audio: Error downloading YouTube audio/video: 'str' object has no attribute 'get'
2024-11-25 20:03:27,082 - clipscribe - INFO - GOOGLE_CLOUD_PROJECT is set to: prismatic-iris-429006-g6
2024-11-25 20:03:27,085 - clipscribe - INFO - Google Cloud credentials found at: /Users/zbox/projects/clipscribe/prismatic-iris-429006-g6-147548199b5e.json
2024-11-25 20:03:27,086 - clipscribe - INFO - Processing YouTube URL: https://www.youtube.com/watch?v=eIho2S0ZahI
2024-11-25 20:03:33,828 - clipscribe - ERROR - Error in process_audio_file: Error processing audio: Error downloading YouTube audio/video: Download failed: 'str' object has no attribute 'get'
2024-11-25 20:05:42,680 - clipscribe - INFO - GOOGLE_CLOUD_PROJECT is set to: prismatic-iris-429006-g6
2024-11-25 20:05:42,682 - clipscribe - INFO - Google Cloud credentials found at: /Users/zbox/projects/clipscribe/prismatic-iris-429006-g6-147548199b5e.json
2024-11-25 20:05:42,683 - clipscribe - INFO - Processing YouTube URL: https://www.youtube.com/watch?v=eIho2S0ZahI
2024-11-25 20:06:13,142 - clipscribe - ERROR - Error in process_audio_file: Error processing audio: Error downloading YouTube audio/video: Download failed: 'str' object has no attribute 'get'
2024-11-25 20:11:25,976 - clipscribe - INFO - GOOGLE_CLOUD_PROJECT is set to: prismatic-iris-429006-g6
2024-11-25 20:11:25,978 - clipscribe - INFO - Google Cloud credentials found at: /Users/zbox/projects/clipscribe/prismatic-iris-429006-g6-147548199b5e.json
2024-11-25 20:11:52,557 - clipscribe - INFO - GOOGLE_CLOUD_PROJECT is set to: prismatic-iris-429006-g6
2024-11-25 20:11:52,559 - clipscribe - INFO - Google Cloud credentials found at: /Users/zbox/projects/clipscribe/prismatic-iris-429006-g6-147548199b5e.json
2024-11-25 20:11:52,559 - clipscribe - INFO - Processing YouTube URL: https://www.youtube.com/watch?v=eIho2S0ZahI
2024-11-25 20:12:26,029 - clipscribe - ERROR - Error in process_audio_file: Error processing audio: Error downloading YouTube audio/video: Download failed: Audio file not found: output/how to speak so that people want to listen _ julian treasure _ ted/How to Speak So That People Want to Listen - Julian Treasure - TED.wav
2024-11-25 20:17:55,476 - clipscribe - INFO - GOOGLE_CLOUD_PROJECT is set to: prismatic-iris-429006-g6
2024-11-25 20:17:55,477 - clipscribe - INFO - Google Cloud credentials found at: /Users/zbox/projects/clipscribe/prismatic-iris-429006-g6-147548199b5e.json
2024-11-25 20:17:55,478 - clipscribe - INFO - Processing YouTube URL: https://www.youtube.com/watch?v=eIho2S0ZahI
2024-11-25 20:18:25,485 - clipscribe - ERROR - Error in process_audio_file: Error processing audio: Error downloading YouTube audio/video: Audio file not found: output/how to speak so that people want to listen _ julian treasure _ ted/How to Speak So That People Want to Listen | Julian Treasure | TED.wav
2024-11-25 20:21:09,524 - clipscribe - INFO - GOOGLE_CLOUD_PROJECT is set to: prismatic-iris-429006-g6
2024-11-25 20:21:09,526 - clipscribe - INFO - Google Cloud credentials found at: /Users/zbox/projects/clipscribe/prismatic-iris-429006-g6-147548199b5e.json
2024-11-25 20:21:09,526 - clipscribe - INFO - Processing YouTube URL: https://www.youtube.com/watch?v=eIho2S0ZahI
2024-11-25 20:21:33,926 - clipscribe - ERROR - Error in process_audio_file: Error processing audio: Error downloading YouTube audio/video: Audio file not found: output/how to speak so that people want to listen _ julian treasure _ ted/How to Speak So That People Want to Listen - Julian Treasure - TED.wav
2024-11-25 20:26:54,932 - clipscribe - INFO - GOOGLE_CLOUD_PROJECT is set to: prismatic-iris-429006-g6
2024-11-25 20:26:54,934 - clipscribe - INFO - Google Cloud credentials found at: /Users/zbox/projects/clipscribe/prismatic-iris-429006-g6-147548199b5e.json
2024-11-25 20:26:54,934 - clipscribe - INFO - Processing YouTube URL: https://www.youtube.com/watch?v=eIho2S0ZahI
2024-11-25 20:27:02,061 - clipscribe - ERROR - Error in process_audio_file: Error processing audio: Error downloading YouTube audio/video: 'str' object has no attribute 'get'
2024-11-25 20:32:43,677 - clipscribe - INFO - GOOGLE_CLOUD_PROJECT is set to: prismatic-iris-429006-g6
2024-11-25 20:32:43,679 - clipscribe - INFO - Google Cloud credentials found at: /Users/zbox/projects/clipscribe/prismatic-iris-429006-g6-147548199b5e.json
2024-11-25 20:32:43,680 - clipscribe - INFO - Processing YouTube URL: https://www.youtube.com/watch?v=eIho2S0ZahI
2024-11-25 20:34:09,995 - clipscribe - ERROR - Error in process_audio_file: Error processing audio: ('Connection aborted.', TimeoutError('The write operation timed out'))
2024-11-25 20:57:01,262 - clipscribe - INFO - GOOGLE_CLOUD_PROJECT is set to: prismatic-iris-429006-g6
2024-11-25 20:57:01,264 - clipscribe - INFO - Google Cloud credentials found at: /Users/zbox/projects/clipscribe/prismatic-iris-429006-g6-147548199b5e.json
2024-11-25 20:57:01,264 - clipscribe - INFO - Processing YouTube URL: https://www.youtube.com/watch?v=eIho2S0ZahI
2024-11-25 20:57:08,678 - clipscribe - ERROR - Error in process_audio_file: Error processing audio: GCSManager.upload_file() got an unexpected keyword argument 'chunk_size'
2024-11-25 21:02:20,916 - clipscribe - INFO - GOOGLE_CLOUD_PROJECT is set to: prismatic-iris-429006-g6
2024-11-25 21:02:20,918 - clipscribe - INFO - Google Cloud credentials found at: /Users/zbox/projects/clipscribe/prismatic-iris-429006-g6-147548199b5e.json
2024-11-25 21:02:20,918 - clipscribe - INFO - Processing YouTube URL: https://www.youtube.com/watch?v=eIho2S0ZahI
2024-11-25 21:09:42,563 - clipscribe - INFO - GOOGLE_CLOUD_PROJECT is set to: prismatic-iris-429006-g6
2024-11-25 21:09:42,566 - clipscribe - INFO - Google Cloud credentials found at: /Users/zbox/projects/clipscribe/prismatic-iris-429006-g6-147548199b5e.json
2024-11-25 21:09:42,566 - clipscribe - INFO - Processing YouTube URL: https://www.youtube.com/watch?v=eIho2S0ZahI
2024-11-25 21:21:59,319 - clipscribe - INFO - GOOGLE_CLOUD_PROJECT is set to: prismatic-iris-429006-g6
2024-11-25 21:21:59,321 - clipscribe - INFO - Google Cloud credentials found at: /Users/zbox/projects/clipscribe/prismatic-iris-429006-g6-147548199b5e.json
2024-11-25 21:21:59,321 - clipscribe - INFO - Processing YouTube URL: https://www.youtube.com/watch?v=eIho2S0ZahI
2024-11-25 21:40:46,890 - clipscribe - INFO - GOOGLE_CLOUD_PROJECT is set to: prismatic-iris-429006-g6
2024-11-25 21:40:46,892 - clipscribe - INFO - Google Cloud credentials found at: /Users/zbox/projects/clipscribe/prismatic-iris-429006-g6-147548199b5e.json
2024-11-25 21:40:46,893 - clipscribe - INFO - Processing YouTube URL: https://www.youtube.com/watch?v=eIho2S0ZahI
2024-11-25 22:02:57,751 - clipscribe - INFO - GOOGLE_CLOUD_PROJECT is set to: prismatic-iris-429006-g6
2024-11-25 22:02:57,754 - clipscribe - INFO - Google Cloud credentials found at: /Users/zbox/projects/clipscribe/prismatic-iris-429006-g6-147548199b5e.json
2024-11-25 22:02:57,755 - clipscribe - INFO - Processing YouTube URL: https://www.youtube.com/watch?v=eIho2S0ZahI
2024-11-25 22:12:49,436 - clipscribe - INFO - GOOGLE_CLOUD_PROJECT is set to: prismatic-iris-429006-g6
2024-11-25 22:12:49,438 - clipscribe - INFO - Google Cloud credentials found at: /Users/zbox/projects/clipscribe/prismatic-iris-429006-g6-147548199b5e.json
2024-11-25 22:12:49,439 - clipscribe - INFO - Processing YouTube URL: https://www.youtube.com/watch?v=eIho2S0ZahI
2024-11-25 22:33:27,416 - clipscribe - INFO - GOOGLE_CLOUD_PROJECT is set to: prismatic-iris-429006-g6
2024-11-25 22:33:27,416 - clipscribe - INFO - Google Cloud credentials found at: /Users/zbox/projects/clipscribe/prismatic-iris-429006-g6-147548199b5e.json
2024-11-25 22:33:27,416 - clipscribe - INFO - Processing YouTube URL: https://www.youtube.com/watch?v=eIho2S0ZahI
2024-11-25 22:51:38,007 - clipscribe - INFO - GOOGLE_CLOUD_PROJECT is set to: prismatic-iris-429006-g6
2024-11-25 22:51:38,008 - clipscribe - INFO - Google Cloud credentials found at: /Users/zbox/projects/clipscribe/prismatic-iris-429006-g6-147548199b5e.json
2024-11-25 22:51:38,009 - clipscribe - INFO - Processing YouTube URL: https://www.youtube.com/watch?v=eIho2S0ZahI
2024-11-25 23:06:49,053 - clipscribe - INFO - GOOGLE_CLOUD_PROJECT is set to: prismatic-iris-429006-g6
2024-11-25 23:06:49,053 - clipscribe - INFO - Google Cloud credentials found at: /Users/zbox/projects/clipscribe/prismatic-iris-429006-g6-147548199b5e.json
2024-11-25 23:06:49,054 - clipscribe - INFO - Processing YouTube URL: https://www.youtube.com/watch?v=eIho2S0ZahI
2024-11-26 12:14:02,343 - clipscribe - INFO - GOOGLE_CLOUD_PROJECT is set to: prismatic-iris-429006-g6
2024-11-26 12:14:02,345 - clipscribe - INFO - Google Cloud credentials found at: /Users/zbox/projects/clipscribe/prismatic-iris-429006-g6-147548199b5e.json
2024-11-26 12:14:02,346 - clipscribe - INFO - Processing YouTube URL: https://www.youtube.com/watch?v=eIho2S0ZahI
2024-11-26 12:49:19,432 - clipscribe - INFO - GOOGLE_CLOUD_PROJECT is set to: prismatic-iris-429006-g6
2024-11-26 12:49:19,433 - clipscribe - INFO - Google Cloud credentials found at: /Users/zbox/projects/clipscribe/prismatic-iris-429006-g6-147548199b5e.json
2024-11-26 12:49:19,434 - clipscribe - INFO - Processing YouTube URL: https://www.youtube.com/watch?v=eIho2S0ZahI
2024-11-26 13:00:18,568 - clipscribe - INFO - GOOGLE_CLOUD_PROJECT is set to: prismatic-iris-429006-g6
2024-11-26 13:00:18,569 - clipscribe - INFO - Google Cloud credentials found at: /Users/zbox/projects/clipscribe/prismatic-iris-429006-g6-147548199b5e.json
2024-11-26 13:00:18,570 - clipscribe - INFO - Processing YouTube URL: https://www.youtube.com/watch?v=eIho2S0ZahI
2024-11-26 13:05:01,349 - clipscribe - ERROR - Error in process_audio_file: not enough values to unpack (expected 5, got 3)
2024-11-26 13:09:07,456 - clipscribe - INFO - GOOGLE_CLOUD_PROJECT is set to: prismatic-iris-429006-g6
2024-11-26 13:09:07,458 - clipscribe - INFO - Google Cloud credentials found at: /Users/zbox/projects/clipscribe/prismatic-iris-429006-g6-147548199b5e.json
2024-11-26 13:09:07,459 - clipscribe - INFO - Processing YouTube URL: https://www.youtube.com/watch?v=eIho2S0ZahI
2024-11-26 13:13:41,406 - clipscribe - ERROR - Error in process_audio_file: 'AudioProcessor' object has no attribute '_display_processing_results'
2024-11-26 14:22:02,084 - clipscribe - INFO - GOOGLE_CLOUD_PROJECT is set to: prismatic-iris-429006-g6
2024-11-26 14:22:02,086 - clipscribe - INFO - Google Cloud credentials found at: /Users/zbox/projects/clipscribe/prismatic-iris-429006-g6-147548199b5e.json
2024-11-26 14:22:02,086 - clipscribe - INFO - Processing YouTube URL: https://www.youtube.com/watch?v=eIho2S0ZahI
2024-11-26 14:55:13,589 - clipscribe - INFO - GOOGLE_CLOUD_PROJECT is set to: prismatic-iris-429006-g6
2024-11-26 14:55:13,591 - clipscribe - INFO - Google Cloud credentials found at: /Users/zbox/projects/clipscribe/prismatic-iris-429006-g6-147548199b5e.json
2024-11-26 14:55:13,592 - clipscribe - INFO - Processing YouTube URL: https://www.youtube.com/watch?v=eIho2S0ZahI
2024-11-26 15:21:44,440 - clipscribe - DEBUG - Got 0 suggestions
2024-11-26 16:20:18,119 - clipscribe - INFO - GOOGLE_CLOUD_PROJECT is set to: prismatic-iris-429006-g6
2024-11-26 16:20:18,121 - clipscribe - INFO - Google Cloud credentials found at: /Users/zbox/projects/clipscribe/prismatic-iris-429006-g6-147548199b5e.json
2024-11-26 16:20:18,121 - clipscribe - INFO - Processing YouTube URL: https://www.youtube.com/watch?v=eIho2S0ZahI
2024-11-26 16:54:46,477 - clipscribe - INFO - GOOGLE_CLOUD_PROJECT is set to: prismatic-iris-429006-g6
2024-11-26 16:54:46,479 - clipscribe - INFO - Google Cloud credentials found at: /Users/zbox/projects/clipscribe/prismatic-iris-429006-g6-147548199b5e.json
2024-11-26 16:54:46,480 - clipscribe - INFO - Processing YouTube URL: https://www.youtube.com/watch?v=eIho2S0ZahI
2024-11-26 18:14:05,151 - clipscribe - INFO - GOOGLE_CLOUD_PROJECT is set to: prismatic-iris-429006-g6
2024-11-26 18:14:05,153 - clipscribe - INFO - Google Cloud credentials found at: /Users/zbox/projects/clipscribe/prismatic-iris-429006-g6-147548199b5e.json
2024-11-26 18:14:05,155 - clipscribe - INFO - Processing YouTube URL: https://www.youtube.com/watch?v=eIho2S0ZahI
2024-11-26 20:53:45,753 - clipscribe - INFO - GOOGLE_CLOUD_PROJECT is set to: prismatic-iris-429006-g6
2024-11-26 20:53:45,754 - clipscribe - INFO - Google Cloud credentials found at: /Users/zbox/projects/clipscribe/prismatic-iris-429006-g6-147548199b5e.json
2024-11-26 20:53:45,755 - clipscribe - INFO - Processing YouTube URL: https://www.youtube.com/watch?v=eIho2S0ZahI
2024-11-26 21:08:38,966 - clipscribe - INFO - GOOGLE_CLOUD_PROJECT is set to: prismatic-iris-429006-g6
2024-11-26 21:08:38,966 - clipscribe - INFO - Google Cloud credentials found at: /Users/zbox/projects/clipscribe/prismatic-iris-429006-g6-147548199b5e.json
2024-11-26 21:08:38,966 - clipscribe - INFO - Processing YouTube URL: https://www.youtube.com/watch?v=eIho2S0ZahI
2024-11-26 21:22:22,370 - clipscribe - INFO - GOOGLE_CLOUD_PROJECT is set to: prismatic-iris-429006-g6
2024-11-26 21:22:22,372 - clipscribe - INFO - Google Cloud credentials found at: /Users/zbox/projects/clipscribe/prismatic-iris-429006-g6-147548199b5e.json
2024-11-26 21:22:22,373 - clipscribe - INFO - Processing YouTube URL: https://www.youtube.com/watch?v=eIho2S0ZahI
2024-11-26 22:02:25,295 - clipscribe - INFO - GOOGLE_CLOUD_PROJECT is set to: prismatic-iris-429006-g6
2024-11-26 22:02:25,296 - clipscribe - INFO - Google Cloud credentials found at: /Users/zbox/projects/clipscribe/prismatic-iris-429006-g6-147548199b5e.json
2024-11-26 22:02:25,296 - clipscribe - INFO - Processing YouTube URL: https://www.youtube.com/watch?v=eIho2S0ZahI
2024-11-26 22:20:39,572 - clipscribe - INFO - GOOGLE_CLOUD_PROJECT is set to: prismatic-iris-429006-g6
2024-11-26 22:20:39,574 - clipscribe - INFO - Google Cloud credentials found at: /Users/zbox/projects/clipscribe/prismatic-iris-429006-g6-147548199b5e.json
2024-11-26 22:20:39,574 - clipscribe - INFO - Processing YouTube URL: https://www.youtube.com/watch?v=eIho2S0ZahI
2024-11-26 22:42:06,760 - clipscribe - INFO - GOOGLE_CLOUD_PROJECT is set to: prismatic-iris-429006-g6
2024-11-26 22:42:06,762 - clipscribe - INFO - Google Cloud credentials found at: /Users/zbox/projects/clipscribe/prismatic-iris-429006-g6-147548199b5e.json
2024-11-26 22:42:06,762 - clipscribe - INFO - Processing YouTube URL: https://www.youtube.com/watch?v=eIho2S0ZahI
2024-11-26 22:45:43,901 - clipscribe - INFO - GOOGLE_CLOUD_PROJECT is set to: prismatic-iris-429006-g6
2024-11-26 22:45:43,903 - clipscribe - INFO - Google Cloud credentials found at: /Users/zbox/projects/clipscribe/prismatic-iris-429006-g6-147548199b5e.json
2024-11-26 22:45:43,903 - clipscribe - INFO - Processing YouTube URL: https://www.youtube.com/watch?v=eIho2S0ZahI
2024-11-26 23:23:10 - clipscribe - ERROR - Error in process_audio_file: Error processing audio: Error downloading YouTube audio/video: Audio file not found: output/how_to_speak_so_that_people_want_to_listen_julian_treasure_ted/How_to_Speak_So_That_People_Want_to_Listen_|_Julian_Treasure_|_TED.wav
2024-11-26 23:51:12 - clipscribe - ERROR - Error in process_audio_file: Error processing audio: Error downloading YouTube audio/video: Audio file not found after download: output/how to speak so that people want to listen _ julian treasure _ ted/how to speak so that people want to listen _ julian treasure _ ted.wav
